TAP version 13
# Subtest: S01-A explicitly stated inventory counts only
ok 1 - S01-A explicitly stated inventory counts only
  ---
  duration_ms: 45.5626
  type: 'test'
  ...
# Subtest: S01-B explicitly stated inventory counts only
not ok 2 - S01-B explicitly stated inventory counts only
  ---
  duration_ms: 4.0176
  type: 'test'
  location: 'I:\\PycharmProjects\\My_first_Network_Simulator\\.tool-checker\\industry40-parser.test.mjs:7:22'
  failureType: 'testCodeFailure'
  error: |-
    S01-B: ecus: 0 instead of 1
    + actual - expected
    
    + [
    +   'ecus: 0 instead of 1'
    + ]
    - []
    
  code: 'ERR_ASSERTION'
  name: 'AssertionError'
  expected:
  actual:
    0: 'ecus: 0 instead of 1'
  operator: 'deepStrictEqual'
  stack: |-
    TestContext.<anonymous> (file:///I:/PycharmProjects/My_first_Network_Simulator/.tool-checker/industry40-parser.test.mjs:11:10)
    Test.runInAsyncScope (node:async_hooks:214:14)
    Test.run (node:internal/test_runner/test:1047:25)
    Test.processPendingSubtests (node:internal/test_runner/test:744:18)
    Test.postRun (node:internal/test_runner/test:1173:19)
    Test.run (node:internal/test_runner/test:1101:12)
    async startSubtestAfterBootstrap (node:internal/test_runner/harness:296:3)
  ...
# Subtest: S02-A explicitly stated inventory counts only
not ok 3 - S02-A explicitly stated inventory counts only
  ---
  duration_ms: 2.7913
  type: 'test'
  location: 'I:\\PycharmProjects\\My_first_Network_Simulator\\.tool-checker\\industry40-parser.test.mjs:7:22'
  failureType: 'testCodeFailure'
  error: |-
    S02-A: sensors: 0 instead of 2
    + actual - expected
    
    + [
    +   'sensors: 0 instead of 2'
    + ]
    - []
    
  code: 'ERR_ASSERTION'
  name: 'AssertionError'
  expected:
  actual:
    0: 'sensors: 0 instead of 2'
  operator: 'deepStrictEqual'
  stack: |-
    TestContext.<anonymous> (file:///I:/PycharmProjects/My_first_Network_Simulator/.tool-checker/industry40-parser.test.mjs:11:10)
    Test.runInAsyncScope (node:async_hooks:214:14)
    Test.run (node:internal/test_runner/test:1047:25)
    Test.processPendingSubtests (node:internal/test_runner/test:744:18)
    Test.postRun (node:internal/test_runner/test:1173:19)
    Test.run (node:internal/test_runner/test:1101:12)
    async Test.processPendingSubtests (node:internal/test_runner/test:744:7)
  ...
# Subtest: S02-B explicitly stated inventory counts only
ok 4 - S02-B explicitly stated inventory counts only
  ---
  duration_ms: 1.4922
  type: 'test'
  ...
# Subtest: S03-A explicitly stated inventory counts only
not ok 5 - S03-A explicitly stated inventory counts only
  ---
  duration_ms: 1.8006
  type: 'test'
  location: 'I:\\PycharmProjects\\My_first_Network_Simulator\\.tool-checker\\industry40-parser.test.mjs:7:22'
  failureType: 'testCodeFailure'
  error: |-
    S03-A: sensors: 0 instead of 2; actuators: 0 instead of 2; ecus: 0 instead of 1
    + actual - expected
    
    + [
    +   'sensors: 0 instead of 2',
    +   'actuators: 0 instead of 2',
    +   'ecus: 0 instead of 1'
    + ]
    - []
    
  code: 'ERR_ASSERTION'
  name: 'AssertionError'
  expected:
  actual:
    0: 'sensors: 0 instead of 2'
    1: 'actuators: 0 instead of 2'
    2: 'ecus: 0 instead of 1'
  operator: 'deepStrictEqual'
  stack: |-
    TestContext.<anonymous> (file:///I:/PycharmProjects/My_first_Network_Simulator/.tool-checker/industry40-parser.test.mjs:11:10)
    Test.runInAsyncScope (node:async_hooks:214:14)
    Test.run (node:internal/test_runner/test:1047:25)
    Test.processPendingSubtests (node:internal/test_runner/test:744:18)
    Test.postRun (node:internal/test_runner/test:1173:19)
    Test.run (node:internal/test_runner/test:1101:12)
    async Test.processPendingSubtests (node:internal/test_runner/test:744:7)
  ...
# Subtest: S03-B explicitly stated inventory counts only
not ok 6 - S03-B explicitly stated inventory counts only
  ---
  duration_ms: 1.1038
  type: 'test'
  location: 'I:\\PycharmProjects\\My_first_Network_Simulator\\.tool-checker\\industry40-parser.test.mjs:7:22'
  failureType: 'testCodeFailure'
  error: |-
    S03-B: sensors: 0 instead of 2; actuators: 0 instead of 2
    + actual - expected
    
    + [
    +   'sensors: 0 instead of 2',
    +   'actuators: 0 instead of 2'
    + ]
    - []
    
  code: 'ERR_ASSERTION'
  name: 'AssertionError'
  expected:
  actual:
    0: 'sensors: 0 instead of 2'
    1: 'actuators: 0 instead of 2'
  operator: 'deepStrictEqual'
  stack: |-
    TestContext.<anonymous> (file:///I:/PycharmProjects/My_first_Network_Simulator/.tool-checker/industry40-parser.test.mjs:11:10)
    Test.runInAsyncScope (node:async_hooks:214:14)
    Test.run (node:internal/test_runner/test:1047:25)
    Test.processPendingSubtests (node:internal/test_runner/test:744:18)
    Test.postRun (node:internal/test_runner/test:1173:19)
    Test.run (node:internal/test_runner/test:1101:12)
    async Test.processPendingSubtests (node:internal/test_runner/test:744:7)
  ...
# Subtest: S04-A explicitly stated inventory counts only
not ok 7 - S04-A explicitly stated inventory counts only
  ---
  duration_ms: 2.5664
  type: 'test'
  location: 'I:\\PycharmProjects\\My_first_Network_Simulator\\.tool-checker\\industry40-parser.test.mjs:7:22'
  failureType: 'testCodeFailure'
  error: |-
    S04-A: actuators: 0 instead of 3
    + actual - expected
    
    + [
    +   'actuators: 0 instead of 3'
    + ]
    - []
    
  code: 'ERR_ASSERTION'
  name: 'AssertionError'
  expected:
  actual:
    0: 'actuators: 0 instead of 3'
  operator: 'deepStrictEqual'
  stack: |-
    TestContext.<anonymous> (file:///I:/PycharmProjects/My_first_Network_Simulator/.tool-checker/industry40-parser.test.mjs:11:10)
    Test.runInAsyncScope (node:async_hooks:214:14)
    Test.run (node:internal/test_runner/test:1047:25)
    Test.processPendingSubtests (node:internal/test_runner/test:744:18)
    Test.postRun (node:internal/test_runner/test:1173:19)
    Test.run (node:internal/test_runner/test:1101:12)
    async Test.processPendingSubtests (node:internal/test_runner/test:744:7)
  ...
# Subtest: S04-B explicitly stated inventory counts only
not ok 8 - S04-B explicitly stated inventory counts only
  ---
  duration_ms: 0.9504
  type: 'test'
  location: 'I:\\PycharmProjects\\My_first_Network_Simulator\\.tool-checker\\industry40-parser.test.mjs:7:22'
  failureType: 'testCodeFailure'
  error: |-
    S04-B: actuators: 0 instead of 3; ecus: 0 instead of 1
    + actual - expected
    
    + [
    +   'actuators: 0 instead of 3',
    +   'ecus: 0 instead of 1'
    + ]
    - []
    
  code: 'ERR_ASSERTION'
  name: 'AssertionError'
  expected:
  actual:
    0: 'actuators: 0 instead of 3'
    1: 'ecus: 0 instead of 1'
  operator: 'deepStrictEqual'
  stack: |-
    TestContext.<anonymous> (file:///I:/PycharmProjects/My_first_Network_Simulator/.tool-checker/industry40-parser.test.mjs:11:10)
    Test.runInAsyncScope (node:async_hooks:214:14)
    Test.run (node:internal/test_runner/test:1047:25)
    Test.processPendingSubtests (node:internal/test_runner/test:744:18)
    Test.postRun (node:internal/test_runner/test:1173:19)
    Test.run (node:internal/test_runner/test:1101:12)
    async Test.processPendingSubtests (node:internal/test_runner/test:744:7)
  ...
# Subtest: S05-A explicitly stated inventory counts only
not ok 9 - S05-A explicitly stated inventory counts only
  ---
  duration_ms: 1.7672
  type: 'test'
  location: 'I:\\PycharmProjects\\My_first_Network_Simulator\\.tool-checker\\industry40-parser.test.mjs:7:22'
  failureType: 'testCodeFailure'
  error: |-
    S05-A: sensors: 0 instead of 3; actuators: 0 instead of 2; ecus: 0 instead of 1
    + actual - expected
    
    + [
    +   'sensors: 0 instead of 3',
    +   'actuators: 0 instead of 2',
    +   'ecus: 0 instead of 1'
    + ]
    - []
    
  code: 'ERR_ASSERTION'
  name: 'AssertionError'
  expected:
  actual:
    0: 'sensors: 0 instead of 3'
    1: 'actuators: 0 instead of 2'
    2: 'ecus: 0 instead of 1'
  operator: 'deepStrictEqual'
  stack: |-
    TestContext.<anonymous> (file:///I:/PycharmProjects/My_first_Network_Simulator/.tool-checker/industry40-parser.test.mjs:11:10)
    Test.runInAsyncScope (node:async_hooks:214:14)
    Test.run (node:internal/test_runner/test:1047:25)
    Test.processPendingSubtests (node:internal/test_runner/test:744:18)
    Test.postRun (node:internal/test_runner/test:1173:19)
    Test.run (node:internal/test_runner/test:1101:12)
    async Test.processPendingSubtests (node:internal/test_runner/test:744:7)
  ...
# Subtest: S05-B explicitly stated inventory counts only
not ok 10 - S05-B explicitly stated inventory counts only
  ---
  duration_ms: 1.1845
  type: 'test'
  location: 'I:\\PycharmProjects\\My_first_Network_Simulator\\.tool-checker\\industry40-parser.test.mjs:7:22'
  failureType: 'testCodeFailure'
  error: |-
    S05-B: sensors: 0 instead of 3; actuators: 0 instead of 2; ecus: 0 instead of 1
    + actual - expected
    
    + [
    +   'sensors: 0 instead of 3',
    +   'actuators: 0 instead of 2',
    +   'ecus: 0 instead of 1'
    + ]
    - []
    
  code: 'ERR_ASSERTION'
  name: 'AssertionError'
  expected:
  actual:
    0: 'sensors: 0 instead of 3'
    1: 'actuators: 0 instead of 2'
    2: 'ecus: 0 instead of 1'
  operator: 'deepStrictEqual'
  stack: |-
    TestContext.<anonymous> (file:///I:/PycharmProjects/My_first_Network_Simulator/.tool-checker/industry40-parser.test.mjs:11:10)
    Test.runInAsyncScope (node:async_hooks:214:14)
    Test.run (node:internal/test_runner/test:1047:25)
    Test.processPendingSubtests (node:internal/test_runner/test:744:18)
    Test.postRun (node:internal/test_runner/test:1173:19)
    Test.run (node:internal/test_runner/test:1101:12)
    async Test.processPendingSubtests (node:internal/test_runner/test:744:7)
  ...
# Subtest: S06-A explicitly stated inventory counts only
ok 11 - S06-A explicitly stated inventory counts only
  ---
  duration_ms: 1.4324
  type: 'test'
  ...
# Subtest: S06-B explicitly stated inventory counts only
ok 12 - S06-B explicitly stated inventory counts only
  ---
  duration_ms: 0.7648
  type: 'test'
  ...
# Subtest: S07-A explicitly stated inventory counts only
ok 13 - S07-A explicitly stated inventory counts only
  ---
  duration_ms: 5.6973
  type: 'test'
  ...
# Subtest: S07-B explicitly stated inventory counts only
ok 14 - S07-B explicitly stated inventory counts only
  ---
  duration_ms: 1.6923
  type: 'test'
  ...
# Subtest: S08-A explicitly stated inventory counts only
not ok 15 - S08-A explicitly stated inventory counts only
  ---
  duration_ms: 3.745
  type: 'test'
  location: 'I:\\PycharmProjects\\My_first_Network_Simulator\\.tool-checker\\industry40-parser.test.mjs:7:22'
  failureType: 'testCodeFailure'
  error: |-
    S08-A: sensors: 8 instead of 16; ecus: 0 instead of 4
    + actual - expected
    
    + [
    +   'sensors: 8 instead of 16',
    +   'ecus: 0 instead of 4'
    + ]
    - []
    
  code: 'ERR_ASSERTION'
  name: 'AssertionError'
  expected:
  actual:
    0: 'sensors: 8 instead of 16'
    1: 'ecus: 0 instead of 4'
  operator: 'deepStrictEqual'
  stack: |-
    TestContext.<anonymous> (file:///I:/PycharmProjects/My_first_Network_Simulator/.tool-checker/industry40-parser.test.mjs:11:10)
    Test.runInAsyncScope (node:async_hooks:214:14)
    Test.run (node:internal/test_runner/test:1047:25)
    Test.processPendingSubtests (node:internal/test_runner/test:744:18)
    Test.postRun (node:internal/test_runner/test:1173:19)
    Test.run (node:internal/test_runner/test:1101:12)
    async Test.processPendingSubtests (node:internal/test_runner/test:744:7)
  ...
# Subtest: S08-B explicitly stated inventory counts only
not ok 16 - S08-B explicitly stated inventory counts only
  ---
  duration_ms: 1.3614
  type: 'test'
  location: 'I:\\PycharmProjects\\My_first_Network_Simulator\\.tool-checker\\industry40-parser.test.mjs:7:22'
  failureType: 'testCodeFailure'
  error: |-
    S08-B: sensors: 0 instead of 16; actuators: 0 instead of 8; ecus: 0 instead of 4
    + actual - expected
    
    + [
    +   'sensors: 0 instead of 16',
    +   'actuators: 0 instead of 8',
    +   'ecus: 0 instead of 4'
    + ]
    - []
    
  code: 'ERR_ASSERTION'
  name: 'AssertionError'
  expected:
  actual:
    0: 'sensors: 0 instead of 16'
    1: 'actuators: 0 instead of 8'
    2: 'ecus: 0 instead of 4'
  operator: 'deepStrictEqual'
  stack: |-
    TestContext.<anonymous> (file:///I:/PycharmProjects/My_first_Network_Simulator/.tool-checker/industry40-parser.test.mjs:11:10)
    Test.runInAsyncScope (node:async_hooks:214:14)
    Test.run (node:internal/test_runner/test:1047:25)
    Test.processPendingSubtests (node:internal/test_runner/test:744:18)
    Test.postRun (node:internal/test_runner/test:1173:19)
    Test.run (node:internal/test_runner/test:1101:12)
    async Test.processPendingSubtests (node:internal/test_runner/test:744:7)
  ...
# Subtest: S09-A explicitly stated inventory counts only
not ok 17 - S09-A explicitly stated inventory counts only
  ---
  duration_ms: 3.0742
  type: 'test'
  location: 'I:\\PycharmProjects\\My_first_Network_Simulator\\.tool-checker\\industry40-parser.test.mjs:7:22'
  failureType: 'testCodeFailure'
  error: |-
    S09-A: ecus: 0 instead of 4
    + actual - expected
    
    + [
    +   'ecus: 0 instead of 4'
    + ]
    - []
    
  code: 'ERR_ASSERTION'
  name: 'AssertionError'
  expected:
  actual:
    0: 'ecus: 0 instead of 4'
  operator: 'deepStrictEqual'
  stack: |-
    TestContext.<anonymous> (file:///I:/PycharmProjects/My_first_Network_Simulator/.tool-checker/industry40-parser.test.mjs:11:10)
    Test.runInAsyncScope (node:async_hooks:214:14)
    Test.run (node:internal/test_runner/test:1047:25)
    Test.processPendingSubtests (node:internal/test_runner/test:744:18)
    Test.postRun (node:internal/test_runner/test:1173:19)
    Test.run (node:internal/test_runner/test:1101:12)
    async Test.processPendingSubtests (node:internal/test_runner/test:744:7)
  ...
# Subtest: S09-B explicitly stated inventory counts only
not ok 18 - S09-B explicitly stated inventory counts only
  ---
  duration_ms: 3.6219
  type: 'test'
  location: 'I:\\PycharmProjects\\My_first_Network_Simulator\\.tool-checker\\industry40-parser.test.mjs:7:22'
  failureType: 'testCodeFailure'
  error: |-
    S09-B: ecus: 0 instead of 4
    + actual - expected
    
    + [
    +   'ecus: 0 instead of 4'
    + ]
    - []
    
  code: 'ERR_ASSERTION'
  name: 'AssertionError'
  expected:
  actual:
    0: 'ecus: 0 instead of 4'
  operator: 'deepStrictEqual'
  stack: |-
    TestContext.<anonymous> (file:///I:/PycharmProjects/My_first_Network_Simulator/.tool-checker/industry40-parser.test.mjs:11:10)
    Test.runInAsyncScope (node:async_hooks:214:14)
    Test.run (node:internal/test_runner/test:1047:25)
    Test.processPendingSubtests (node:internal/test_runner/test:744:18)
    Test.postRun (node:internal/test_runner/test:1173:19)
    Test.run (node:internal/test_runner/test:1101:12)
    async Test.processPendingSubtests (node:internal/test_runner/test:744:7)
  ...
# Subtest: S10-A explicitly stated inventory counts only
ok 19 - S10-A explicitly stated inventory counts only
  ---
  duration_ms: 1.982
  type: 'test'
  ...
# Subtest: S10-B explicitly stated inventory counts only
not ok 20 - S10-B explicitly stated inventory counts only
  ---
  duration_ms: 1.3359
  type: 'test'
  location: 'I:\\PycharmProjects\\My_first_Network_Simulator\\.tool-checker\\industry40-parser.test.mjs:7:22'
  failureType: 'testCodeFailure'
  error: |-
    S10-B: sensors: 0 instead of 18; ecus: 0 instead of 3
    + actual - expected
    
    + [
    +   'sensors: 0 instead of 18',
    +   'ecus: 0 instead of 3'
    + ]
    - []
    
  code: 'ERR_ASSERTION'
  name: 'AssertionError'
  expected:
  actual:
    0: 'sensors: 0 instead of 18'
    1: 'ecus: 0 instead of 3'
  operator: 'deepStrictEqual'
  stack: |-
    TestContext.<anonymous> (file:///I:/PycharmProjects/My_first_Network_Simulator/.tool-checker/industry40-parser.test.mjs:11:10)
    Test.runInAsyncScope (node:async_hooks:214:14)
    Test.run (node:internal/test_runner/test:1047:25)
    Test.processPendingSubtests (node:internal/test_runner/test:744:18)
    Test.postRun (node:internal/test_runner/test:1173:19)
    Test.run (node:internal/test_runner/test:1101:12)
    async Test.processPendingSubtests (node:internal/test_runner/test:744:7)
  ...
# Subtest: S11-A explicitly stated inventory counts only
not ok 21 - S11-A explicitly stated inventory counts only
  ---
  duration_ms: 3.4634
  type: 'test'
  location: 'I:\\PycharmProjects\\My_first_Network_Simulator\\.tool-checker\\industry40-parser.test.mjs:7:22'
  failureType: 'testCodeFailure'
  error: |-
    S11-A: gateways: 0 instead of 1
    + actual - expected
    
    + [
    +   'gateways: 0 instead of 1'
    + ]
    - []
    
  code: 'ERR_ASSERTION'
  name: 'AssertionError'
  expected:
  actual:
    0: 'gateways: 0 instead of 1'
  operator: 'deepStrictEqual'
  stack: |-
    TestContext.<anonymous> (file:///I:/PycharmProjects/My_first_Network_Simulator/.tool-checker/industry40-parser.test.mjs:11:10)
    Test.runInAsyncScope (node:async_hooks:214:14)
    Test.run (node:internal/test_runner/test:1047:25)
    Test.processPendingSubtests (node:internal/test_runner/test:744:18)
    Test.postRun (node:internal/test_runner/test:1173:19)
    Test.run (node:internal/test_runner/test:1101:12)
    async Test.processPendingSubtests (node:internal/test_runner/test:744:7)
  ...
# Subtest: S11-B explicitly stated inventory counts only
ok 22 - S11-B explicitly stated inventory counts only
  ---
  duration_ms: 0.7205
  type: 'test'
  ...
# Subtest: S12-A explicitly stated inventory counts only
not ok 23 - S12-A explicitly stated inventory counts only
  ---
  duration_ms: 3.3547
  type: 'test'
  location: 'I:\\PycharmProjects\\My_first_Network_Simulator\\.tool-checker\\industry40-parser.test.mjs:7:22'
  failureType: 'testCodeFailure'
  error: |-
    S12-A: actuators: 0 instead of 10
    + actual - expected
    
    + [
    +   'actuators: 0 instead of 10'
    + ]
    - []
    
  code: 'ERR_ASSERTION'
  name: 'AssertionError'
  expected:
  actual:
    0: 'actuators: 0 instead of 10'
  operator: 'deepStrictEqual'
  stack: |-
    TestContext.<anonymous> (file:///I:/PycharmProjects/My_first_Network_Simulator/.tool-checker/industry40-parser.test.mjs:11:10)
    Test.runInAsyncScope (node:async_hooks:214:14)
    Test.run (node:internal/test_runner/test:1047:25)
    Test.processPendingSubtests (node:internal/test_runner/test:744:18)
    Test.postRun (node:internal/test_runner/test:1173:19)
    Test.run (node:internal/test_runner/test:1101:12)
    async Test.processPendingSubtests (node:internal/test_runner/test:744:7)
  ...
# Subtest: S12-B explicitly stated inventory counts only
not ok 24 - S12-B explicitly stated inventory counts only
  ---
  duration_ms: 2.4887
  type: 'test'
  location: 'I:\\PycharmProjects\\My_first_Network_Simulator\\.tool-checker\\industry40-parser.test.mjs:7:22'
  failureType: 'testCodeFailure'
  error: |-
    S12-B: actuators: 0 instead of 10; ecus: 0 instead of 5
    + actual - expected
    
    + [
    +   'actuators: 0 instead of 10',
    +   'ecus: 0 instead of 5'
    + ]
    - []
    
  code: 'ERR_ASSERTION'
  name: 'AssertionError'
  expected:
  actual:
    0: 'actuators: 0 instead of 10'
    1: 'ecus: 0 instead of 5'
  operator: 'deepStrictEqual'
  stack: |-
    TestContext.<anonymous> (file:///I:/PycharmProjects/My_first_Network_Simulator/.tool-checker/industry40-parser.test.mjs:11:10)
    Test.runInAsyncScope (node:async_hooks:214:14)
    Test.run (node:internal/test_runner/test:1047:25)
    Test.processPendingSubtests (node:internal/test_runner/test:744:18)
    Test.postRun (node:internal/test_runner/test:1173:19)
    Test.run (node:internal/test_runner/test:1101:12)
    async Test.processPendingSubtests (node:internal/test_runner/test:744:7)
  ...
# Subtest: S13-A explicitly stated inventory counts only
not ok 25 - S13-A explicitly stated inventory counts only
  ---
  duration_ms: 4.8526
  type: 'test'
  location: 'I:\\PycharmProjects\\My_first_Network_Simulator\\.tool-checker\\industry40-parser.test.mjs:7:22'
  failureType: 'testCodeFailure'
  error: |-
    S13-A: ecus: 0 instead of 4
    + actual - expected
    
    + [
    +   'ecus: 0 instead of 4'
    + ]
    - []
    
  code: 'ERR_ASSERTION'
  name: 'AssertionError'
  expected:
  actual:
    0: 'ecus: 0 instead of 4'
  operator: 'deepStrictEqual'
  stack: |-
    TestContext.<anonymous> (file:///I:/PycharmProjects/My_first_Network_Simulator/.tool-checker/industry40-parser.test.mjs:11:10)
    Test.runInAsyncScope (node:async_hooks:214:14)
    Test.run (node:internal/test_runner/test:1047:25)
    Test.processPendingSubtests (node:internal/test_runner/test:744:18)
    Test.postRun (node:internal/test_runner/test:1173:19)
    Test.run (node:internal/test_runner/test:1101:12)
    async Test.processPendingSubtests (node:internal/test_runner/test:744:7)
  ...
# Subtest: S13-B explicitly stated inventory counts only
not ok 26 - S13-B explicitly stated inventory counts only
  ---
  duration_ms: 1.0414
  type: 'test'
  location: 'I:\\PycharmProjects\\My_first_Network_Simulator\\.tool-checker\\industry40-parser.test.mjs:7:22'
  failureType: 'testCodeFailure'
  error: |-
    S13-B: ecus: 0 instead of 4
    + actual - expected
    
    + [
    +   'ecus: 0 instead of 4'
    + ]
    - []
    
  code: 'ERR_ASSERTION'
  name: 'AssertionError'
  expected:
  actual:
    0: 'ecus: 0 instead of 4'
  operator: 'deepStrictEqual'
  stack: |-
    TestContext.<anonymous> (file:///I:/PycharmProjects/My_first_Network_Simulator/.tool-checker/industry40-parser.test.mjs:11:10)
    Test.runInAsyncScope (node:async_hooks:214:14)
    Test.run (node:internal/test_runner/test:1047:25)
    Test.processPendingSubtests (node:internal/test_runner/test:744:18)
    Test.postRun (node:internal/test_runner/test:1173:19)
    Test.run (node:internal/test_runner/test:1101:12)
    async Test.processPendingSubtests (node:internal/test_runner/test:744:7)
  ...
# Subtest: S14-A explicitly stated inventory counts only
ok 27 - S14-A explicitly stated inventory counts only
  ---
  duration_ms: 4.3313
  type: 'test'
  ...
# Subtest: S14-B explicitly stated inventory counts only
ok 28 - S14-B explicitly stated inventory counts only
  ---
  duration_ms: 2.6599
  type: 'test'
  ...
# Subtest: S15-A explicitly stated inventory counts only
ok 29 - S15-A explicitly stated inventory counts only
  ---
  duration_ms: 0.9375
  type: 'test'
  ...
# Subtest: S15-B explicitly stated inventory counts only
not ok 30 - S15-B explicitly stated inventory counts only
  ---
  duration_ms: 1.1683
  type: 'test'
  location: 'I:\\PycharmProjects\\My_first_Network_Simulator\\.tool-checker\\industry40-parser.test.mjs:7:22'
  failureType: 'testCodeFailure'
  error: |-
    S15-B: ecus: 0 instead of 5
    + actual - expected
    
    + [
    +   'ecus: 0 instead of 5'
    + ]
    - []
    
  code: 'ERR_ASSERTION'
  name: 'AssertionError'
  expected:
  actual:
    0: 'ecus: 0 instead of 5'
  operator: 'deepStrictEqual'
  stack: |-
    TestContext.<anonymous> (file:///I:/PycharmProjects/My_first_Network_Simulator/.tool-checker/industry40-parser.test.mjs:11:10)
    Test.runInAsyncScope (node:async_hooks:214:14)
    Test.run (node:internal/test_runner/test:1047:25)
    Test.processPendingSubtests (node:internal/test_runner/test:744:18)
    Test.postRun (node:internal/test_runner/test:1173:19)
    Test.run (node:internal/test_runner/test:1101:12)
    async Test.processPendingSubtests (node:internal/test_runner/test:744:7)
  ...
# Subtest: S16-A explicitly stated inventory counts only
ok 31 - S16-A explicitly stated inventory counts only
  ---
  duration_ms: 0.9484
  type: 'test'
  ...
# Subtest: S16-B explicitly stated inventory counts only
not ok 32 - S16-B explicitly stated inventory counts only
  ---
  duration_ms: 0.7018
  type: 'test'
  location: 'I:\\PycharmProjects\\My_first_Network_Simulator\\.tool-checker\\industry40-parser.test.mjs:7:22'
  failureType: 'testCodeFailure'
  error: |-
    S16-B: ecus: 0 instead of 8
    + actual - expected
    
    + [
    +   'ecus: 0 instead of 8'
    + ]
    - []
    
  code: 'ERR_ASSERTION'
  name: 'AssertionError'
  expected:
  actual:
    0: 'ecus: 0 instead of 8'
  operator: 'deepStrictEqual'
  stack: |-
    TestContext.<anonymous> (file:///I:/PycharmProjects/My_first_Network_Simulator/.tool-checker/industry40-parser.test.mjs:11:10)
    Test.runInAsyncScope (node:async_hooks:214:14)
    Test.run (node:internal/test_runner/test:1047:25)
    Test.processPendingSubtests (node:internal/test_runner/test:744:18)
    Test.postRun (node:internal/test_runner/test:1173:19)
    Test.run (node:internal/test_runner/test:1101:12)
    async Test.processPendingSubtests (node:internal/test_runner/test:744:7)
  ...
# Subtest: S17-A explicitly stated inventory counts only
not ok 33 - S17-A explicitly stated inventory counts only
  ---
  duration_ms: 1.2087
  type: 'test'
  location: 'I:\\PycharmProjects\\My_first_Network_Simulator\\.tool-checker\\industry40-parser.test.mjs:7:22'
  failureType: 'testCodeFailure'
  error: |-
    S17-A: sensors: 0 instead of 10; ecus: 0 instead of 2
    + actual - expected
    
    + [
    +   'sensors: 0 instead of 10',
    +   'ecus: 0 instead of 2'
    + ]
    - []
    
  code: 'ERR_ASSERTION'
  name: 'AssertionError'
  expected:
  actual:
    0: 'sensors: 0 instead of 10'
    1: 'ecus: 0 instead of 2'
  operator: 'deepStrictEqual'
  stack: |-
    TestContext.<anonymous> (file:///I:/PycharmProjects/My_first_Network_Simulator/.tool-checker/industry40-parser.test.mjs:11:10)
    Test.runInAsyncScope (node:async_hooks:214:14)
    Test.run (node:internal/test_runner/test:1047:25)
    Test.processPendingSubtests (node:internal/test_runner/test:744:18)
    Test.postRun (node:internal/test_runner/test:1173:19)
    Test.run (node:internal/test_runner/test:1101:12)
    async Test.processPendingSubtests (node:internal/test_runner/test:744:7)
  ...
# Subtest: S17-B explicitly stated inventory counts only
not ok 34 - S17-B explicitly stated inventory counts only
  ---
  duration_ms: 0.6173
  type: 'test'
  location: 'I:\\PycharmProjects\\My_first_Network_Simulator\\.tool-checker\\industry40-parser.test.mjs:7:22'
  failureType: 'testCodeFailure'
  error: |-
    S17-B: sensors: 0 instead of 10; ecus: 0 instead of 2
    + actual - expected
    
    + [
    +   'sensors: 0 instead of 10',
    +   'ecus: 0 instead of 2'
    + ]
    - []
    
  code: 'ERR_ASSERTION'
  name: 'AssertionError'
  expected:
  actual:
    0: 'sensors: 0 instead of 10'
    1: 'ecus: 0 instead of 2'
  operator: 'deepStrictEqual'
  stack: |-
    TestContext.<anonymous> (file:///I:/PycharmProjects/My_first_Network_Simulator/.tool-checker/industry40-parser.test.mjs:11:10)
    Test.runInAsyncScope (node:async_hooks:214:14)
    Test.run (node:internal/test_runner/test:1047:25)
    Test.processPendingSubtests (node:internal/test_runner/test:744:18)
    Test.postRun (node:internal/test_runner/test:1173:19)
    Test.run (node:internal/test_runner/test:1101:12)
    async Test.processPendingSubtests (node:internal/test_runner/test:744:7)
  ...
# Subtest: S18-A explicitly stated inventory counts only
not ok 35 - S18-A explicitly stated inventory counts only
  ---
  duration_ms: 3.0234
  type: 'test'
  location: 'I:\\PycharmProjects\\My_first_Network_Simulator\\.tool-checker\\industry40-parser.test.mjs:7:22'
  failureType: 'testCodeFailure'
  error: |-
    S18-A: sensors: 0 instead of 16; actuators: 0 instead of 12; ecus: 0 instead of 2
    + actual - expected
    
    + [
    +   'sensors: 0 instead of 16',
    +   'actuators: 0 instead of 12',
    +   'ecus: 0 instead of 2'
    + ]
    - []
    
  code: 'ERR_ASSERTION'
  name: 'AssertionError'
  expected:
  actual:
    0: 'sensors: 0 instead of 16'
    1: 'actuators: 0 instead of 12'
    2: 'ecus: 0 instead of 2'
  operator: 'deepStrictEqual'
  stack: |-
    TestContext.<anonymous> (file:///I:/PycharmProjects/My_first_Network_Simulator/.tool-checker/industry40-parser.test.mjs:11:10)
    Test.runInAsyncScope (node:async_hooks:214:14)
    Test.run (node:internal/test_runner/test:1047:25)
    Test.processPendingSubtests (node:internal/test_runner/test:744:18)
    Test.postRun (node:internal/test_runner/test:1173:19)
    Test.run (node:internal/test_runner/test:1101:12)
    async Test.processPendingSubtests (node:internal/test_runner/test:744:7)
  ...
# Subtest: S18-B explicitly stated inventory counts only
not ok 36 - S18-B explicitly stated inventory counts only
  ---
  duration_ms: 1.4953
  type: 'test'
  location: 'I:\\PycharmProjects\\My_first_Network_Simulator\\.tool-checker\\industry40-parser.test.mjs:7:22'
  failureType: 'testCodeFailure'
  error: |-
    S18-B: sensors: 0 instead of 16; actuators: 0 instead of 12; ecus: 1 instead of 2
    + actual - expected
    
    + [
    +   'sensors: 0 instead of 16',
    +   'actuators: 0 instead of 12',
    +   'ecus: 1 instead of 2'
    + ]
    - []
    
  code: 'ERR_ASSERTION'
  name: 'AssertionError'
  expected:
  actual:
    0: 'sensors: 0 instead of 16'
    1: 'actuators: 0 instead of 12'
    2: 'ecus: 1 instead of 2'
  operator: 'deepStrictEqual'
  stack: |-
    TestContext.<anonymous> (file:///I:/PycharmProjects/My_first_Network_Simulator/.tool-checker/industry40-parser.test.mjs:11:10)
    Test.runInAsyncScope (node:async_hooks:214:14)
    Test.run (node:internal/test_runner/test:1047:25)
    Test.processPendingSubtests (node:internal/test_runner/test:744:18)
    Test.postRun (node:internal/test_runner/test:1173:19)
    Test.run (node:internal/test_runner/test:1101:12)
    async Test.processPendingSubtests (node:internal/test_runner/test:744:7)
  ...
# Subtest: S19-A explicitly stated inventory counts only
not ok 37 - S19-A explicitly stated inventory counts only
  ---
  duration_ms: 18.2359
  type: 'test'
  location: 'I:\\PycharmProjects\\My_first_Network_Simulator\\.tool-checker\\industry40-parser.test.mjs:7:22'
  failureType: 'testCodeFailure'
  error: |-
    S19-A: ecus: 1 instead of 50
    + actual - expected
    
    + [
    +   'ecus: 1 instead of 50'
    + ]
    - []
    
  code: 'ERR_ASSERTION'
  name: 'AssertionError'
  expected:
  actual:
    0: 'ecus: 1 instead of 50'
  operator: 'deepStrictEqual'
  stack: |-
    TestContext.<anonymous> (file:///I:/PycharmProjects/My_first_Network_Simulator/.tool-checker/industry40-parser.test.mjs:11:10)
    Test.runInAsyncScope (node:async_hooks:214:14)
    Test.run (node:internal/test_runner/test:1047:25)
    Test.processPendingSubtests (node:internal/test_runner/test:744:18)
    Test.postRun (node:internal/test_runner/test:1173:19)
    Test.run (node:internal/test_runner/test:1101:12)
    async Test.processPendingSubtests (node:internal/test_runner/test:744:7)
  ...
# Subtest: S19-B explicitly stated inventory counts only
not ok 38 - S19-B explicitly stated inventory counts only
  ---
  duration_ms: 2.2113
  type: 'test'
  location: 'I:\\PycharmProjects\\My_first_Network_Simulator\\.tool-checker\\industry40-parser.test.mjs:7:22'
  failureType: 'testCodeFailure'
  error: |-
    S19-B: ecus: 0 instead of 50
    + actual - expected
    
    + [
    +   'ecus: 0 instead of 50'
    + ]
    - []
    
  code: 'ERR_ASSERTION'
  name: 'AssertionError'
  expected:
  actual:
    0: 'ecus: 0 instead of 50'
  operator: 'deepStrictEqual'
  stack: |-
    TestContext.<anonymous> (file:///I:/PycharmProjects/My_first_Network_Simulator/.tool-checker/industry40-parser.test.mjs:11:10)
    Test.runInAsyncScope (node:async_hooks:214:14)
    Test.run (node:internal/test_runner/test:1047:25)
    Test.processPendingSubtests (node:internal/test_runner/test:744:18)
    Test.postRun (node:internal/test_runner/test:1173:19)
    Test.run (node:internal/test_runner/test:1101:12)
    async Test.processPendingSubtests (node:internal/test_runner/test:744:7)
  ...
# Subtest: S20-A explicitly stated inventory counts only
not ok 39 - S20-A explicitly stated inventory counts only
  ---
  duration_ms: 4.2672
  type: 'test'
  location: 'I:\\PycharmProjects\\My_first_Network_Simulator\\.tool-checker\\industry40-parser.test.mjs:7:22'
  failureType: 'testCodeFailure'
  error: |-
    S20-A: gateways: 2 instead of 1
    + actual - expected
    
    + [
    +   'gateways: 2 instead of 1'
    + ]
    - []
    
  code: 'ERR_ASSERTION'
  name: 'AssertionError'
  expected:
  actual:
    0: 'gateways: 2 instead of 1'
  operator: 'deepStrictEqual'
  stack: |-
    TestContext.<anonymous> (file:///I:/PycharmProjects/My_first_Network_Simulator/.tool-checker/industry40-parser.test.mjs:11:10)
    Test.runInAsyncScope (node:async_hooks:214:14)
    Test.run (node:internal/test_runner/test:1047:25)
    Test.processPendingSubtests (node:internal/test_runner/test:744:18)
    Test.postRun (node:internal/test_runner/test:1173:19)
    Test.run (node:internal/test_runner/test:1101:12)
    async Test.processPendingSubtests (node:internal/test_runner/test:744:7)
  ...
# Subtest: S20-B explicitly stated inventory counts only
ok 40 - S20-B explicitly stated inventory counts only
  ---
  duration_ms: 2.2848
  type: 'test'
  ...
1..40
# tests 40
# suites 0
# pass 13
# fail 27
# cancelled 0
# skipped 0
# todo 0
# duration_ms 523.3988
